2026-09-08 19:52:05+0900: Running with following config:
logDir = analysis_logs
maxVisits = 500
nnCacheSizePowerOfTwo = 23
nnMaxBatchSize = 64
nnMutexPoolSizePowerOfTwo = 17
nnRandomize = true
numAnalysisThreads = 8
numSearchThreads = 4
reportAnalysisWinratesAs = SIDETOMOVE

2026-09-08 19:52:05+0900: Analysis Engine starting...
2026-09-08 19:52:05+0900: KataGo v1.18.2
2026-09-08 19:52:05+0900: nnRandSeed0 = 2655499572269168492
2026-09-08 19:52:05+0900: After dedups: nnModelFile0 = /opt/homebrew/share/katago/kata1-b18c384nbt-s9996604416-d4316597426.bin.gz useFP16 auto
2026-09-08 19:52:05+0900: Initializing neural net buffer to be size 19 * 19 allowing smaller boards
2026-09-08 19:52:05+0900: Loaded config configs/teacher-katago-analysis.cfg
2026-09-08 19:52:05+0900: Loaded model /opt/homebrew/share/katago/kata1-b18c384nbt-s9996604416-d4316597426.bin.gz
2026-09-08 19:52:05+0900: Analyzing up to 8 positions at a time in parallel
2026-09-08 19:52:05+0900: Started, ready to begin handling requests
2026-09-08 19:52:07+0900: Note: Search quitting due to no visits - this is normal and possible when shutting down but a bug under any other situation.
2026-09-08 19:52:07+0900: Note: Search quitting due to no visits - this is normal and possible when shutting down but a bug under any other situation.
2026-09-08 19:52:07+0900: Note: Search quitting due to no visits - this is normal and possible when shutting down but a bug under any other situation.
2026-09-08 19:52:07+0900: Note: Search quitting due to no visits - this is normal and possible when shutting down but a bug under any other situation.
2026-09-08 19:52:07+0900: Note: Search quitting due to no visits - this is normal and possible when shutting down but a bug under any other situation.
2026-09-08 19:52:07+0900: Note: Search quitting due to no visits - this is normal and possible when shutting down but a bug under any other situation.
2026-09-08 19:52:07+0900: Note: Search quitting due to no visits - this is normal and possible when shutting down but a bug under any other situation.
2026-09-08 19:52:07+0900: Note: Search quitting due to no visits - this is normal and possible when shutting down but a bug under any other situation.
2026-09-08 19:52:07+0900: Note: Search quitting due to no visits - this is normal and possible when shutting down but a bug under any other situation.
2026-09-08 19:52:07+0900: Note: Search quitting due to no visits - this is normal and possible when shutting down but a bug under any other situation.
2026-09-08 19:52:07+0900: Note: Search quitting due to no visits - this is normal and possible when shutting down but a bug under any other situation.
2026-09-08 19:52:07+0900: Note: Search quitting due to no visits - this is normal and possible when shutting down but a bug under any other situation.
2026-09-08 19:52:07+0900: Note: Search quitting due to no visits - this is normal and possible when shutting down but a bug under any other situation.
2026-09-08 19:52:07+0900: Note: Search quitting due to no visits - this is normal and possible when shutting down but a bug under any other situation.
2026-09-08 19:52:07+0900: Note: Search quitting due to no visits - this is normal and possible when shutting down but a bug under any other situation.
2026-09-08 19:52:07+0900: Note: Search quitting due to no visits - this is normal and possible when shutting down but a bug under any other situation.
2026-09-08 19:52:07+0900: Note: Search quitting due to no visits - this is normal and possible when shutting down but a bug under any other situation.
2026-09-08 19:52:07+0900: Note: Search quitting due to no visits - this is normal and possible when shutting down but a bug under any other situation.
2026-09-08 19:52:07+0900: Note: Search quitting due to no visits - this is normal and possible when shutting down but a bug under any other situation.
2026-09-08 19:52:07+0900: Note: Search quitting due to no visits - this is normal and possible when shutting down but a bug under any other situation.
2026-09-08 19:52:07+0900: Note: Search quitting due to no visits - this is normal and possible when shutting down but a bug under any other situation.
2026-09-08 19:52:07+0900: Note: Search quitting due to no visits - this is normal and possible when shutting down but a bug under any other situation.
2026-09-08 19:52:07+0900: Note: Search quitting due to no visits - this is normal and possible when shutting down but a bug under any other situation.
2026-09-08 19:52:07+0900: Note: Search quitting due to no visits - this is normal and possible when shutting down but a bug under any other situation.
2026-09-08 19:52:07+0900: Note: Search quitting due to no visits - this is normal and possible when shutting down but a bug under any other situation.
2026-09-08 19:52:07+0900: Note: Search quitting due to no visits - this is normal and possible when shutting down but a bug under any other situation.
2026-09-08 19:52:07+0900: Note: Search quitting due to no visits - this is normal and possible when shutting down but a bug under any other situation.
2026-09-08 19:52:07+0900: Note: Search quitting due to no visits - this is normal and possible when shutting down but a bug under any other situation.
2026-09-08 19:52:07+0900: Note: Search quitting due to no visits - this is normal and possible when shutting down but a bug under any other situation.
2026-09-08 19:52:07+0900: Note: Search quitting due to no visits - this is normal and possible when shutting down but a bug under any other situation.
2026-09-08 19:52:07+0900: Note: Search quitting due to no visits - this is normal and possible when shutting down but a bug under any other situation.
2026-09-08 19:52:07+0900: Note: Search quitting due to no visits - this is normal and possible when shutting down but a bug under any other situation.
2026-09-08 19:52:07+0900: Note: Search quitting due to no visits - this is normal and possible when shutting down but a bug under any other situation.
2026-09-08 19:52:07+0900: Note: Search quitting due to no visits - this is normal and possible when shutting down but a bug under any other situation.
2026-09-08 19:52:07+0900: Note: Search quitting due to no visits - this is normal and possible when shutting down but a bug under any other situation.
2026-09-08 19:52:07+0900: Note: Search quitting due to no visits - this is normal and possible when shutting down but a bug under any other situation.
2026-09-08 19:52:07+0900: Note: Search quitting due to no visits - this is normal and possible when shutting down but a bug under any other situation.
2026-09-08 19:52:07+0900: Note: Search quitting due to no visits - this is normal and possible when shutting down but a bug under any other situation.
2026-09-08 19:52:07+0900: Note: Search quitting due to no visits - this is normal and possible when shutting down but a bug under any other situation.
2026-09-08 19:52:07+0900: Note: Search quitting due to no visits - this is normal and possible when shutting down but a bug under any other situation.
2026-09-08 19:52:07+0900: Note: Search quitting due to no visits - this is normal and possible when shutting down but a bug under any other situation.
2026-09-08 19:52:07+0900: Note: Search quitting due to no visits - this is normal and possible when shutting down but a bug under any other situation.
2026-09-08 19:52:07+0900: Note: Search quitting due to no visits - this is normal and possible when shutting down but a bug under any other situation.
2026-09-08 19:52:07+0900: Note: Search quitting due to no visits - this is normal and possible when shutting down but a bug under any other situation.
2026-09-08 19:52:07+0900: Note: Search quitting due to no visits - this is normal and possible when shutting down but a bug under any other situation.
2026-09-08 19:52:07+0900: Note: Search quitting due to no visits - this is normal and possible when shutting down but a bug under any other situation.
2026-09-08 19:52:07+0900: Note: Search quitting due to no visits - this is normal and possible when shutting down but a bug under any other situation.
2026-09-08 19:52:07+0900: Note: Search quitting due to no visits - this is normal and possible when shutting down but a bug under any other situation.
2026-09-08 19:52:07+0900: Note: Search quitting due to no visits - this is normal and possible when shutting down but a bug under any other situation.
2026-09-08 19:52:07+0900: Note: Search quitting due to no visits - this is normal and possible when shutting down but a bug under any other situation.
2026-09-08 19:52:07+0900: Note: Search quitting due to no visits - this is normal and possible when shutting down but a bug under any other situation.
2026-09-08 19:52:07+0900: Note: Search quitting due to no visits - this is normal and possible when shutting down but a bug under any other situation.
2026-09-08 19:52:07+0900: Note: Search quitting due to no visits - this is normal and possible when shutting down but a bug under any other situation.
2026-09-08 19:52:07+0900: Note: Search quitting due to no visits - this is normal and possible when shutting down but a bug under any other situation.
2026-09-08 19:52:07+0900: Note: Search quitting due to no visits - this is normal and possible when shutting down but a bug under any other situation.
2026-09-08 19:52:07+0900: Note: Search quitting due to no visits - this is normal and possible when shutting down but a bug under any other situation.
2026-09-08 19:52:07+0900: Note: Search quitting due to no visits - this is normal and possible when shutting down but a bug under any other situation.
2026-09-08 19:52:07+0900: Note: Search quitting due to no visits - this is normal and possible when shutting down but a bug under any other situation.
2026-09-08 19:52:07+0900: Note: Search quitting due to no visits - this is normal and possible when shutting down but a bug under any other situation.
2026-09-08 19:52:07+0900: Note: Search quitting due to no visits - this is normal and possible when shutting down but a bug under any other situation.
2026-09-08 19:52:07+0900: Note: Search quitting due to no visits - this is normal and possible when shutting down but a bug under any other situation.
2026-09-08 19:52:07+0900: Note: Search quitting due to no visits - this is normal and possible when shutting down but a bug under any other situation.
2026-09-08 19:52:07+0900: Note: Search quitting due to no visits - this is normal and possible when shutting down but a bug under any other situation.
2026-09-08 19:52:07+0900: Note: Search quitting due to no visits - this is normal and possible when shutting down but a bug under any other situation.
2026-09-08 19:52:07+0900: Note: Search quitting due to no visits - this is normal and possible when shutting down but a bug under any other situation.
2026-09-08 19:52:07+0900: Note: Search quitting due to no visits - this is normal and possible when shutting down but a bug under any other situation.
2026-09-08 19:52:07+0900: Note: Search quitting due to no visits - this is normal and possible when shutting down but a bug under any other situation.
2026-09-08 19:52:07+0900: Note: Search quitting due to no visits - this is normal and possible when shutting down but a bug under any other situation.
2026-09-08 19:52:07+0900: Note: Search quitting due to no visits - this is normal and possible when shutting down but a bug under any other situation.
2026-09-08 19:52:07+0900: Note: Search quitting due to no visits - this is normal and possible when shutting down but a bug under any other situation.
2026-09-08 19:52:07+0900: Note: Search quitting due to no visits - this is normal and possible when shutting down but a bug under any other situation.
2026-09-08 19:52:07+0900: Note: Search quitting due to no visits - this is normal and possible when shutting down but a bug under any other situation.
2026-09-08 19:52:07+0900: Note: Search quitting due to no visits - this is normal and possible when shutting down but a bug under any other situation.
2026-09-08 19:52:09+0900: Note: Search quitting due to no visits - this is normal and possible when shutting down but a bug under any other situation.
2026-09-08 19:52:09+0900: Note: Search quitting due to no visits - this is normal and possible when shutting down but a bug under any other situation.
2026-09-08 19:52:09+0900: Note: Search quitting due to no visits - this is normal and possible when shutting down but a bug under any other situation.
2026-09-08 19:52:09+0900: Note: Search quitting due to no visits - this is normal and possible when shutting down but a bug under any other situation.
2026-09-08 19:52:09+0900: Note: Search quitting due to no visits - this is normal and possible when shutting down but a bug under any other situation.
2026-09-08 19:52:09+0900: Note: Search quitting due to no visits - this is normal and possible when shutting down but a bug under any other situation.
2026-09-08 19:52:09+0900: Note: Search quitting due to no visits - this is normal and possible when shutting down but a bug under any other situation.
2026-09-08 19:52:09+0900: /opt/homebrew/share/katago/kata1-b18c384nbt-s9996604416-d4316597426.bin.gz
2026-09-08 19:52:09+0900: NN rows: 8
2026-09-08 19:52:09+0900: NN batches: 2
2026-09-08 19:52:09+0900: NN avg batch size: 4
2026-09-08 19:52:09+0900: GPU -1 finishing, processed 8 rows 2 batches
2026-09-08 19:52:09+0900: All cleaned up, quitting
