2026-09-08 20:08:43+0900: Running with following config:
logDir = analysis_logs
maxVisits = 500
nnCacheSizePowerOfTwo = 23
nnMaxBatchSize = 64
nnMutexPoolSizePowerOfTwo = 17
nnRandomize = true
numAnalysisThreads = 8
numSearchThreads = 4
reportAnalysisWinratesAs = SIDETOMOVE

2026-09-08 20:08:43+0900: Analysis Engine starting...
2026-09-08 20:08:43+0900: KataGo v1.18.2
2026-09-08 20:08:43+0900: nnRandSeed0 = 2825034378910451974
2026-09-08 20:08:43+0900: After dedups: nnModelFile0 = /opt/homebrew/share/katago/g170e-b20c256x2-s5303129600-d1228401921.bin.gz useFP16 auto
2026-09-08 20:08:43+0900: Initializing neural net buffer to be size 19 * 19 allowing smaller boards
2026-09-08 20:08:43+0900: Loaded config ../configs/teacher-katago-analysis.cfg
2026-09-08 20:08:43+0900: Loaded model /opt/homebrew/share/katago/g170e-b20c256x2-s5303129600-d1228401921.bin.gz
2026-09-08 20:08:43+0900: Analyzing up to 8 positions at a time in parallel
2026-09-08 20:08:43+0900: Started, ready to begin handling requests
2026-09-08 20:10:21+0900: /opt/homebrew/share/katago/g170e-b20c256x2-s5303129600-d1228401921.bin.gz
2026-09-08 20:10:21+0900: NN rows: 24165
2026-09-08 20:10:21+0900: NN batches: 1632
2026-09-08 20:10:21+0900: NN avg batch size: 14.807
2026-09-08 20:10:21+0900: GPU -1 finishing, processed 24165 rows 1632 batches
2026-09-08 20:10:21+0900: All cleaned up, quitting
